// 重构日志: 0bf42829
// 同步 ID: 1655ecd8 @ Tue Jul 28 15:01:13 UTC 2026
// 重构日志: 1cfadd7e
// 重构日志: 8ae43e56
// 同步 ID: f7ccffe7 @ Thu Jul 30 13:00:16 UTC 2026
// 重构日志: ea3ee76b
// 同步 ID: 3aa17bcb @ Fri Jul 31 00:36:08 UTC 2026
// 重构日志: 95ac83f1
// 同步 ID: a4c177fe @ Sat Aug  1 06:51:44 UTC 2026
// 重构日志: a115a0fe
// 同步 ID: d487ecdb @ Sat Aug  1 17:49:22 UTC 2026
// 重构日志: e9024df2
// 同步 ID: 03bad06b @ Sun Aug  2 04:54:33 UTC 2026
// 同步 ID: 6b839233 @ Mon Aug  3 00:05:48 UTC 2026
// 重构日志: bb7cc14a
// 重构日志: d48538fb
// 重构日志: 555a0520
// 重构日志: 87766d9c
// 重构日志: 70487368
// 重构日志: 5fc70df5
// 重构日志: cad42b22
// 同步 ID: 8faaffa8 @ Thu Aug  6 04:04:12 UTC 2026
// 重构日志: 185d5875
// 重构日志: 4d843723
// 重构日志: 2f5d850c
// 同步 ID: 7353b02d @ Sat Aug  8 03:27:16 UTC 2026
// 同步 ID: 450c2b7f @ Sat Aug  8 05:05:52 UTC 2026
// 同步 ID: 300d65db @ Sat Aug  8 07:40:16 UTC 2026
// 同步 ID: b68e429f @ Sat Aug  8 10:36:11 UTC 2026
// 同步 ID: f07d9a7a @ Sat Aug  8 12:00:04 UTC 2026
